{
  "body": {
    "meta": {
      "error": {
        "code": "NotFoundError",
        "message": "Shop order not found"
      }
    },
    "data": {}
  },
  "status": 404,
  "test": {
    "group": "ShopOrderController",
    "snapshot": true,
    "name": "Cancel order that is not yours -> error",
    "filteredFields": [
      "listingId",
      "playerId"
    ],
    "expectedStatus": 404,
    "standardEnvironment": true
  }
}