{
  "body": {
    "meta": {
      "error": {
        "code": "BadRequestError",
        "message": "Category name can only contain letters, numbers, spaces, hyphens, underscores, and ampersands"
      }
    },
    "data": {}
  },
  "status": 400,
  "test": {
    "group": "Shop/ShopCategoryController",
    "snapshot": true,
    "name": "Create category with empty name",
    "expectedStatus": 400,
    "filteredFields": [],
    "standardEnvironment": true
  }
}