{
  "body": {
    "meta": {
      "error": {
        "code": "BadRequestError",
        "message": "Category emoji must be exactly one emoji character"
      }
    },
    "data": {}
  },
  "status": 400,
  "test": {
    "group": "Shop/ShopCategoryController",
    "snapshot": true,
    "name": "Create category with invalid emoji (multiple)",
    "expectedStatus": 400,
    "filteredFields": [],
    "standardEnvironment": true
  }
}