{
  "body": {
    "meta": {},
    "data": {
      "id": "c6844827-cb02-424b-804f-554b4760c905",
      "name": "Melee Weapons",
      "emoji": "‚öîÔ∏è",
      "parentId": "2727cc75-9ffc-40ac-89a9-d65d76af685f",
      "createdAt": "2025-07-13T07:46:54.425Z",
      "updatedAt": "2025-07-13T07:46:54.624Z",
      "listingCount": 2,
      "parent": {
        "id": "2727cc75-9ffc-40ac-89a9-d65d76af685f",
        "name": "Tools",
        "emoji": "üîß",
        "parentId": null,
        "createdAt": "2025-07-13T07:46:52.142Z",
        "updatedAt": "2025-07-13T07:46:52.143Z"
      },
      "children": []
    }
  },
  "status": 200,
  "test": {
    "group": "Shop/ShopCategoryController",
    "snapshot": true,
    "name": "Move category to different parent",
    "filteredFields": [
      "id",
      "createdAt",
      "updatedAt",
      "domain",
      "parentId",
      "parent",
      "children",
      "listingCount"
    ],
    "expectedStatus": 200,
    "standardEnvironment": true
  }
}