{
  "body": {
    "meta": {},
    "data": {
      "key": "Test variable",
      "value": "Test value",
      "expiresAt": "2024-08-30T09:40:45.577Z",
      "createdAt": "2024-08-30T08:40:45.591Z",
      "updatedAt": "2024-08-30T08:40:45.591Z",
      "id": "eea5140f-fbd4-4f6b-a615-59301244cb65",
      "gameServerId": null,
      "playerId": null,
      "moduleId": null
    }
  },
  "status": 200,
  "test": {
    "group": "VariableController",
    "snapshot": true,
    "name": "Can create expiring variables",
    "expectedStatus": 200,
    "filteredFields": [
      "expiresAt"
    ],
    "standardEnvironment": true
  }
}