{
  "body": {
    "meta": {
      "page": 0,
      "limit": 100,
      "total": 1
    },
    "data": [
      {
        "id": "ee09de8a-7304-45f7-b74c-504bf57cf314",
        "createdAt": "2023-07-13T19:16:00.313Z",
        "updatedAt": "2023-07-13T19:16:00.313Z",
        "key": "Variable",
        "value": "Test value",
        "gameServerId": "b2ee7923-3024-4d0a-b88a-1a858930d80a",
        "playerId": null,
        "moduleId": null
      }
    ]
  },
  "status": 200,
  "test": {
    "group": "VariableController",
    "snapshot": true,
    "name": "Can query API with gameServerId",
    "filteredFields": [
      "gameServerId",
      "playerId"
    ],
    "expectedStatus": 200,
    "standardEnvironment": true
  }
}