{
  "body": {
    "meta": {
      "serverTime": "2023-03-08T19:18:48.390Z",
      "error": {
        "message": "Unique constraint violation",
        "code": "ConflictError"
      }
    },
    "data": {}
  },
  "status": 409,
  "test": {
    "group": "VariableController",
    "snapshot": true,
    "name": "Prevents creating duplicate variables",
    "expectedStatus": 409,
    "filteredFields": [],
    "standardEnvironment": true
  }
}