{
  "body": {
    "meta": {},
    "data": {
      "id": "17d7ddc7-e8a7-434c-9c37-3cc1b6d149b0",
      "createdAt": "2023-07-13T19:15:55.221Z",
      "updatedAt": "2023-07-13T19:15:55.236Z",
      "key": "Updated variable",
      "value": "Updated value",
      "gameServerId": null,
      "playerId": null,
      "moduleId": null
    }
  },
  "status": 200,
  "test": {
    "group": "VariableController",
    "snapshot": true,
    "name": "Update",
    "expectedStatus": 200,
    "filteredFields": [],
    "standardEnvironment": true
  }
}