// Vitest Snapshot v1, https://vitest.dev/guide/snapshot.html

exports[`Should render <NotificationBanner/> 1`] = `<div />`;
