{
  "body": {
    "meta": {
      "serverTime": "2023-02-25T14:30:23.616Z"
    },
    "data": [
      {
        "createdAt": "2023-02-25T14:30:23.528Z",
        "updatedAt": "2023-02-25T14:30:23.529Z",
        "id": "12b2bebc-7861-4d2d-b09d-d232d72e46d0",
        "name": "ping",
        "builtin": "ping",
        "cronJobs": [],
        "hooks": [],
        "commands": [
          {
            "createdAt": "2023-02-25T14:30:23.538Z",
            "updatedAt": "2023-02-25T14:30:23.540Z",
            "id": "dae5f184-7197-4de6-bf6a-ab67cb75ca2f",
            "name": "ping",
            "enabled": true,
            "moduleId": "12b2bebc-7861-4d2d-b09d-d232d72e46d0",
            "functionId": "62841ed7-aa9a-4090-9f01-d6b3df1bd24c",
            "trigger": "ping",
            "helpText": "Replies with pong, useful for testing if the connection works",
            "function": {
              "createdAt": "2023-02-25T14:30:23.536Z",
              "updatedAt": "2023-02-25T14:30:23.537Z",
              "id": "62841ed7-aa9a-4090-9f01-d6b3df1bd24c",
              "code": "\"use strict\";\nasync function ping() {\n    await client.gameserver.gameServerControllerSendMessage(gameServerId, {\n        message: 'Pong!',\n        opts: {\n            recipient: event.player,\n        },\n    });\n}\nping();\n//# sourceMappingURL=ping.js.map"
            }
          }
        ]
      }
    ]
  },
  "status": 200,
  "test": {
    "group": "GameServerController",
    "snapshot": true,
    "name": "Get list of installed modules",
    "filteredFields": [
      "functionId",
      "moduleId"
    ],
    "expectedStatus": 200,
    "standardEnvironment": true
  }
}