{
  "body": {
    "meta": {},
    "data": {
      "id": "2600aac2-d5b8-455d-bf6a-12a242f5ee0a",
      "createdAt": "2023-12-24T15:22:57.034Z",
      "updatedAt": "2023-12-24T15:22:57.034Z",
      "name": "Test gameserver",
      "connectionInfo": {
        "host": "http://takaro:3002"
      },
      "type": "MOCK",
      "reachable": true
    }
  },
  "status": 200,
  "test": {
    "group": "GameServerController",
    "snapshot": true,
    "name": "Get by ID",
    "filteredFields": [
      "connectionInfo"
    ],
    "expectedStatus": 200,
    "standardEnvironment": true
  }
}