{
  "body": {
    "meta": {
      "error": {
        "code": "InternalServerError",
        "message": "Internal server error"
      }
    },
    "data": {}
  },
  "status": 500,
  "test": {
    "group": "ShopCategoryController",
    "snapshot": true,
    "name": "Create category with non-existent parent",
    "expectedStatus": 400,
    "filteredFields": [],
    "standardEnvironment": true
  }
}