{
  "body": {
    "meta": {
      "page": 0,
      "limit": 100,
      "total": 1
    },
    "data": [
      {
        "id": "c27af4b0-d882-46ee-9163-2ba9e4a5055a",
        "name": "Test & Category",
        "emoji": "ðŸ§ª",
        "parentId": null,
        "createdAt": "2025-07-10T16:27:50.859Z",
        "updatedAt": "2025-07-10T16:27:50.859Z",
        "listingCount": 0,
        "children": []
      }
    ]
  },
  "status": 200,
  "test": {
    "group": "ShopCategoryController",
    "snapshot": true,
    "name": "Search categories with special characters",
    "filteredFields": [
      "id",
      "createdAt",
      "updatedAt"
    ],
    "expectedStatus": 200,
    "standardEnvironment": true
  }
}