{
  "body": {
    "meta": {},
    "data": {
      "createdAt": "2024-06-29T19:06:25.316Z",
      "updatedAt": "2024-06-29T19:06:25.357Z",
      "id": "2c799156-95c7-4663-bbbc-541b17faf368",
      "listingId": "bb274ae6-b21a-4216-ae4c-61375f58a12b",
      "playerId": "fa3f657a-b3be-4f04-b4dc-606bb5304bc2",
      "amount": 1,
      "status": "CANCELED"
    }
  },
  "status": 200,
  "test": {
    "group": "Shop/ShopOrderController",
    "snapshot": true,
    "name": "Cancel order",
    "filteredFields": [
      "listingId",
      "playerId"
    ],
    "expectedStatus": 200,
    "standardEnvironment": true
  }
}