{
  "body": {
    "meta": {
      "error": {
        "code": "BadRequestError",
        "message": "Can only claim paid, unclaimed orders. Current status: CANCELED"
      }
    },
    "data": {}
  },
  "status": 400,
  "test": {
    "group": "Shop/ShopOrderController",
    "snapshot": true,
    "name": "Claim order that is canceled -> error",
    "filteredFields": [
      "listingId",
      "playerId"
    ],
    "expectedStatus": 400,
    "standardEnvironment": true
  }
}