{
  "body": {
    "meta": {
      "serverTime": "2022-10-08T14:02:57.414Z",
      "page": 0,
      "limit": 100,
      "total": 2
    },
    "data": [
      {
        "createdAt": "2022-10-08T14:02:57.280Z",
        "updatedAt": "2022-10-08T14:02:57.280Z",
        "id": "6b8a5bea-9daf-49e1-bec5-e5d05bb9e255",
        "name": "Test role",
        "capabilities": [
          {
            "createdAt": "2022-10-08T14:02:57.282Z",
            "updatedAt": "2022-10-08T14:02:57.282Z",
            "id": "229f4705-8ae0-47bf-b26b-46b899d2d900",
            "roleId": "6b8a5bea-9daf-49e1-bec5-e5d05bb9e255",
            "capability": "READ_ROLES"
          }
        ]
      },
      {
        "createdAt": "2022-10-08T14:02:57.114Z",
        "updatedAt": "2022-10-08T14:02:57.114Z",
        "id": "9856d277-3438-4b64-84de-be08df7ccbc4",
        "name": "root",
        "capabilities": [
          {
            "createdAt": "2022-10-08T14:02:57.117Z",
            "updatedAt": "2022-10-08T14:02:57.117Z",
            "id": "3c8f3082-7de7-4e96-a3f3-cc90c44100c5",
            "roleId": "9856d277-3438-4b64-84de-be08df7ccbc4",
            "capability": "ROOT"
          }
        ]
      }
    ]
  },
  "status": 200,
  "test": {
    "snapshot": true,
    "group": "Auth",
    "name": "Can access resource with capability",
    "filteredFields": [
      "roleId"
    ],
    "expectedStatus": 200,
    "standardEnvironment": true
  }
}