{
  "body": {
    "meta": {
      "serverTime": "2022-09-11T21:20:41.481Z",
      "error": {
        "code": "ForbiddenError"
      }
    },
    "data": {}
  },
  "status": 403,
  "test": {
    "group": "Auth",
    "name": "Cannot access resource without capability",
    "expectedStatus": 403,
    "filteredFields": [],
    "standardEnvironment": true
  }
}