{
  "body": {
    "meta": {},
    "data": {
      "id": "98c686ab-0b5c-4082-9178-0889d950c898",
      "createdAt": "2024-03-02T14:35:16.868Z",
      "updatedAt": "2024-03-02T14:35:16.868Z",
      "name": "Test module",
      "description": "No description provided.",
      "configSchema": "{\"$schema\":\"http://json-schema.org/draft-07/schema#\",\"type\":\"object\",\"properties\":{},\"required\":[],\"additionalProperties\":false}",
      "uiSchema": "{}",
      "systemConfigSchema": "{\"$schema\":\"http://json-schema.org/draft-07/schema#\",\"type\":\"object\",\"properties\":{},\"required\":[],\"additionalProperties\":false}",
      "builtin": null,
      "cronJobs": [],
      "hooks": [],
      "commands": [],
      "functions": [],
      "permissions": [
        {
          "id": "1829a300-aee9-42a7-be2d-42812f24f652",
          "createdAt": "2024-03-02T14:35:16.869Z",
          "updatedAt": "2024-03-02T14:35:16.869Z",
          "moduleId": "98c686ab-0b5c-4082-9178-0889d950c898",
          "permission": "test",
          "friendlyName": "test",
          "description": "test",
          "canHaveCount": false
        }
      ]
    }
  },
  "status": 200,
  "test": {
    "group": "ModuleController",
    "snapshot": true,
    "name": "Allows passing an array of permissions when creating a module",
    "filteredFields": [
      "moduleId"
    ],
    "expectedStatus": 200,
    "standardEnvironment": true
  }
}