{
  "body": {
    "meta": {
      "error": {
        "code": "BadRequestError",
        "message": "Cannot modify builtin modules"
      }
    },
    "data": {}
  },
  "status": 400,
  "test": {
    "group": "ModuleController",
    "snapshot": true,
    "name": "Does not allow deleting built-in modules",
    "expectedStatus": 400,
    "filteredFields": [],
    "standardEnvironment": true
  }
}
