{
  "body": {
    "meta": {
      "serverTime": "2022-09-22T13:03:36.327Z"
    },
    "data": {
      "name": "Test cronJob",
      "temporalValue": "0 * * * *",
      "moduleId": "8ac4a1e8-efd0-4723-b87e-c544c979a3e0",
      "createdAt": "2022-09-22T13:03:36.311Z",
      "updatedAt": "2022-09-22T13:03:36.316Z",
      "id": "bcd3d3a2-b418-44a2-b2a8-f01024728384",
      "enabled": true,
      "function": {
        "code": "console.log(\"test\")"
      }
    }
  },
  "status": 200,
  "test": {
    "group": "CronJobController",
    "name": "Create",
    "filteredFields": [
      "moduleId",
      "functionId"
    ],
    "expectedStatus": 200,
    "standardEnvironment": true
  }
}