{
  "body": {
    "meta": {},
    "data": {
      "id": "39d477f5-9855-4643-b00b-7228f41ed96f",
      "createdAt": "2023-11-02T11:51:19.909Z",
      "updatedAt": "2023-11-02T11:51:19.910Z",
      "name": "Test role",
      "permissions": [
        {
          "id": "69715455-dec2-47a1-a989-c24158670c3d",
          "createdAt": "2023-11-02T11:51:19.911Z",
          "updatedAt": "2023-11-02T11:51:19.912Z",
          "permissionId": "9bd0b9a9-49bc-40da-b345-65e91162a861",
          "permission": {
            "id": "9bd0b9a9-49bc-40da-b345-65e91162a861",
            "createdAt": "2023-09-29T06:35:26.753Z",
            "updatedAt": "2023-09-29T06:35:26.753Z",
            "permission": "MANAGE_ROLES",
            "friendlyName": "MANAGE_ROLES",
            "description": "No description provided",
            "moduleId": null,
            "canHaveCount": false
          },
          "roleId": "39d477f5-9855-4643-b00b-7228f41ed96f",
          "count": 0
        }
      ]
    }
  },
  "status": 200,
  "test": {
    "group": "RoleController",
    "snapshot": true,
    "name": "Get by ID",
    "filteredFields": [
      "roleId",
      "permissionId"
    ],
    "expectedStatus": 200,
    "standardEnvironment": true
  }
}