{
  "body": {
    "meta": {},
    "data": {
      "id": "515ea467-b24b-4b44-881a-e2b827c4a601",
      "createdAt": "2023-11-14T15:38:05.262Z",
      "updatedAt": "2023-11-14T15:38:05.274Z",
      "name": "New name",
      "permissions": [],
      "system": false
    }
  },
  "status": 200,
  "test": {
    "group": "RoleController",
    "snapshot": true,
    "name": "Update permissions with empty array",
    "expectedStatus": 200,
    "filteredFields": [],
    "standardEnvironment": true
  }
}