{
  "body": {
    "meta": {
      "serverTime": "2022-11-04T20:20:55.243Z"
    },
    "data": {}
  },
  "status": 200,
  "test": {
    "group": "CommandController",
    "snapshot": true,
    "name": "Delete",
    "expectedStatus": 200,
    "filteredFields": [],
    "standardEnvironment": true
  }
}