{
  "body": {
    "meta": {
      "error": {
        "code": "NotFoundError",
        "message": "Not found"
      }
    },
    "data": {}
  },
  "status": 404,
  "test": {
    "group": "DomainController",
    "snapshot": true,
    "name": "Resolve registration token - empty token",
    "expectedStatus": 404,
    "filteredFields": [],
    "standardEnvironment": true
  }
}