{
  "body": {
    "meta": {
      "error": {
        "code": "ValidationError",
        "message": "Validation error",
        "details": [
          {
            "target": {
              "key": "invalidKey"
            },
            "value": "invalidKey",
            "property": "key",
            "children": [],
            "constraints": {
              "isEnum": "key must be one of: commandPrefix, serverChatName, economyEnabled, currencyName"
            }
          }
        ]
      }
    },
    "data": {}
  },
  "status": 400,
  "test": {
    "group": "SettingsController",
    "snapshot": true,
    "name": "Get a value with invalid key",
    "expectedStatus": 400,
    "filteredFields": [],
    "standardEnvironment": true
  }
}