{
  "body": {
    "meta": {},
    "data": {
      "id": "3939b6e4-b78b-43b5-b7e5-d8f51b81cb53",
      "createdAt": "2023-12-23T10:21:14.688Z",
      "updatedAt": "2023-12-23T10:21:14.688Z",
      "name": "Jarred_Ledner",
      "steamId": "9e1nw6ydnfz3qo04",
      "xboxLiveId": null,
      "epicOnlineServicesId": null,
      "steamAvatar": null,
      "steamAccountCreated": null,
      "steamCommunityBanned": null,
      "steamEconomyBan": null,
      "steamVacBanned": null,
      "steamsDaysSinceLastBan": null,
      "steamNumberOfVACBans": null,
      "roleAssignments": [
        {
          "id": "980732ab-1f33-4c5d-898e-200777e6435c",
          "createdAt": "2023-12-23T10:21:16.283Z",
          "updatedAt": "2023-12-23T10:21:16.283Z",
          "playerId": "3939b6e4-b78b-43b5-b7e5-d8f51b81cb53",
          "roleId": "e76c228c-5196-4259-976e-3882d57d6b00",
          "gameServerId": "5fd76cb9-f54a-453c-a726-5f93d743b1a5",
          "expiresAt": null,
          "role": {
            "id": "e76c228c-5196-4259-976e-3882d57d6b00",
            "createdAt": "2023-12-23T10:21:16.205Z",
            "updatedAt": "2023-12-23T10:21:16.205Z",
            "name": "GameServer role",
            "system": false,
            "permissions": [
              {
                "id": "7a125568-571b-4c21-8e9a-0468813edb9a",
                "createdAt": "2023-12-23T10:21:16.209Z",
                "updatedAt": "2023-12-23T10:21:16.210Z",
                "permissionId": "dbba72fe-22bc-4683-af84-cbc1c352fbac",
                "roleId": "e76c228c-5196-4259-976e-3882d57d6b00",
                "count": 0
              }
            ]
          }
        },
        {
          "playerId": "3939b6e4-b78b-43b5-b7e5-d8f51b81cb53",
          "roleId": "99d159d5-bca9-4091-a334-6ecd828e60c3",
          "role": {
            "id": "99d159d5-bca9-4091-a334-6ecd828e60c3",
            "createdAt": "2023-12-23T10:21:14.327Z",
            "updatedAt": "2023-12-23T10:21:14.328Z",
            "name": "Player",
            "permissions": [],
            "system": true
          }
        }
      ],
      "steamLastFetch": null
    }
  },
  "status": 200,
  "test": {
    "group": "PlayerController",
    "snapshot": true,
    "name": "Handles expiring role of gameServer properly - expiring global role",
    "filteredFields": [
      "name",
      "playerId",
      "steamId",
      "roleId",
      "gameServerId"
    ],
    "expectedStatus": 200,
    "standardEnvironment": true
  }
}